{
  "runs": [
    [
      {
        "group": "test_fixtures_with_follow_symlinks",
        "function": "benchmark-tests-cat",
        "id": "benchmark-tests-cat with content",
        "expected": {
          "files": [
            "callgrind.benchmark-tests-cat.benchmark-tests-cat with content.log",
            "callgrind.benchmark-tests-cat.benchmark-tests-cat with content.out",
            "summary.json"
          ]
        }
      },
      {
        "group": "test_fixtures_with_follow_symlinks",
        "function": "cat",
        "id": "cat with content",
        "expected": {
          "files": [
            "callgrind.cat.cat with content.log",
            "callgrind.cat.cat with content.out",
            "summary.json"
          ]
        }
      },
      {
        "group": "test_fixtures_with_follow_symlinks",
        "function": "setup",
        "id": "setup",
        "expected": {
          "files": [
            "callgrind.setup.setup.log",
            "callgrind.setup.setup.out",
            "summary.json"
          ]
        }
      },
      {
        "group": "test_fixtures_without_follow_symlinks",
        "function": "benchmark-tests-cat",
        "id": "benchmark-tests-cat with content",
        "expected": {
          "files": [
            "callgrind.benchmark-tests-cat.benchmark-tests-cat with content.log",
            "callgrind.benchmark-tests-cat.benchmark-tests-cat with content.out",
            "summary.json"
          ]
        }
      },
      {
        "group": "test_fixtures_without_follow_symlinks",
        "function": "cat",
        "id": "cat with content",
        "expected": {
          "files": [
            "callgrind.cat.cat with content.log",
            "callgrind.cat.cat with content.out",
            "summary.json"
          ]
        }
      }
    ],
    [
      {
        "group": "test_fixtures_with_follow_symlinks",
        "function": "benchmark-tests-cat",
        "id": "benchmark-tests-cat with content",
        "expected": {
          "files": [
            "callgrind.benchmark-tests-cat.benchmark-tests-cat with content.log",
            "callgrind.benchmark-tests-cat.benchmark-tests-cat with content.log.old",
            "callgrind.benchmark-tests-cat.benchmark-tests-cat with content.out",
            "callgrind.benchmark-tests-cat.benchmark-tests-cat with content.out.old",
            "summary.json"
          ]
        }
      },
      {
        "group": "test_fixtures_with_follow_symlinks",
        "function": "cat",
        "id": "cat with content",
        "expected": {
          "files": [
            "callgrind.cat.cat with content.log",
            "callgrind.cat.cat with content.log.old",
            "callgrind.cat.cat with content.out",
            "callgrind.cat.cat with content.out.old",
            "summary.json"
          ]
        }
      },
      {
        "group": "test_fixtures_with_follow_symlinks",
        "function": "setup",
        "id": "setup",
        "expected": {
          "files": [
            "callgrind.setup.setup.log",
            "callgrind.setup.setup.log.old",
            "callgrind.setup.setup.out",
            "callgrind.setup.setup.out.old",
            "summary.json"
          ]
        }
      },
      {
        "group": "test_fixtures_without_follow_symlinks",
        "function": "benchmark-tests-cat",
        "id": "benchmark-tests-cat with content",
        "expected": {
          "files": [
            "callgrind.benchmark-tests-cat.benchmark-tests-cat with content.log",
            "callgrind.benchmark-tests-cat.benchmark-tests-cat with content.log.old",
            "callgrind.benchmark-tests-cat.benchmark-tests-cat with content.out",
            "callgrind.benchmark-tests-cat.benchmark-tests-cat with content.out.old",
            "summary.json"
          ]
        }
      },
      {
        "group": "test_fixtures_without_follow_symlinks",
        "function": "cat",
        "id": "cat with content",
        "expected": {
          "files": [
            "callgrind.cat.cat with content.log",
            "callgrind.cat.cat with content.log.old",
            "callgrind.cat.cat with content.out",
            "callgrind.cat.cat with content.out.old",
            "summary.json"
          ]
        }
      }
    ]
  ]
}
