runs:
  - data:
      - group: my_exe_group
        function: benchmark-tests-printargs
        id: do foo with test1
        expected:
          files:
            - callgrind.benchmark-tests-printargs.do foo with test1.log
            - callgrind.benchmark-tests-printargs.do foo with test1.out
            - summary.json
      - group: my_exe_group
        function: benchmark-tests-printargs
        id: no argument
        expected:
          files:
            - callgrind.benchmark-tests-printargs.no argument.log
            - callgrind.benchmark-tests-printargs.no argument.out
            - summary.json
      - group: my_exe_group
        function: benchmark-tests-printargs
        id: positional arguments
        expected:
          files:
            - callgrind.benchmark-tests-printargs.positional arguments.log
            - callgrind.benchmark-tests-printargs.positional arguments.out
            - summary.json
