runs:
  - data:
      - group: test_exits
        function: benchmark-tests-exit
        id: code_0
        expected:
          files:
            - callgrind.benchmark-tests-exit.code_0.log
            - callgrind.benchmark-tests-exit.code_0.out
            - summary.json
      - group: test_exits
        function: benchmark-tests-exit
        id: code_1
        expected:
          files:
            - callgrind.benchmark-tests-exit.code_1.log
            - callgrind.benchmark-tests-exit.code_1.out
            - summary.json
      - group: test_exits
        function: benchmark-tests-exit
        id: code_2
        expected:
          files:
            - callgrind.benchmark-tests-exit.code_2.log
            - callgrind.benchmark-tests-exit.code_2.out
            - summary.json
      - group: test_exits
        function: benchmark-tests-exit
        id: code_255
        expected:
          files:
            - callgrind.benchmark-tests-exit.code_255.log
            - callgrind.benchmark-tests-exit.code_255.out
            - summary.json
      - group: test_exits
        function: benchmark-tests-exit
        id: code_3
        expected:
          files:
            - callgrind.benchmark-tests-exit.code_3.log
            - callgrind.benchmark-tests-exit.code_3.out
            - summary.json
      - group: test_exits
        function: benchmark-tests-exit
        id: fail_with_1
        expected:
          files:
            - callgrind.benchmark-tests-exit.fail_with_1.log
            - callgrind.benchmark-tests-exit.fail_with_1.out
            - summary.json
      - group: test_exits
        function: benchmark-tests-exit
        id: fail_with_2
        expected:
          files:
            - callgrind.benchmark-tests-exit.fail_with_2.log
            - callgrind.benchmark-tests-exit.fail_with_2.out
            - summary.json
      - group: test_exits
        function: benchmark-tests-exit
        id: fail_with_255
        expected:
          files:
            - callgrind.benchmark-tests-exit.fail_with_255.log
            - callgrind.benchmark-tests-exit.fail_with_255.out
            - summary.json
      - group: test_exits
        function: benchmark-tests-exit
        id: fail_with_3
        expected:
          files:
            - callgrind.benchmark-tests-exit.fail_with_3.log
            - callgrind.benchmark-tests-exit.fail_with_3.out
            - summary.json
      - group: test_exits
        function: benchmark-tests-exit
        id: succeed
        expected:
          files:
            - callgrind.benchmark-tests-exit.succeed.log
            - callgrind.benchmark-tests-exit.succeed.out
            - summary.json
  - data:
      - group: test_exits
        function: benchmark-tests-exit
        id: code_0
        expected:
          files:
            - callgrind.benchmark-tests-exit.code_0.log
            - callgrind.benchmark-tests-exit.code_0.log.old
            - callgrind.benchmark-tests-exit.code_0.out
            - callgrind.benchmark-tests-exit.code_0.out.old
            - summary.json
      - group: test_exits
        function: benchmark-tests-exit
        id: code_1
        expected:
          files:
            - callgrind.benchmark-tests-exit.code_1.log
            - callgrind.benchmark-tests-exit.code_1.log.old
            - callgrind.benchmark-tests-exit.code_1.out
            - callgrind.benchmark-tests-exit.code_1.out.old
            - summary.json
      - group: test_exits
        function: benchmark-tests-exit
        id: code_2
        expected:
          files:
            - callgrind.benchmark-tests-exit.code_2.log
            - callgrind.benchmark-tests-exit.code_2.log.old
            - callgrind.benchmark-tests-exit.code_2.out
            - callgrind.benchmark-tests-exit.code_2.out.old
            - summary.json
      - group: test_exits
        function: benchmark-tests-exit
        id: code_255
        expected:
          files:
            - callgrind.benchmark-tests-exit.code_255.log
            - callgrind.benchmark-tests-exit.code_255.log.old
            - callgrind.benchmark-tests-exit.code_255.out
            - callgrind.benchmark-tests-exit.code_255.out.old
            - summary.json
      - group: test_exits
        function: benchmark-tests-exit
        id: code_3
        expected:
          files:
            - callgrind.benchmark-tests-exit.code_3.log
            - callgrind.benchmark-tests-exit.code_3.log.old
            - callgrind.benchmark-tests-exit.code_3.out
            - callgrind.benchmark-tests-exit.code_3.out.old
            - summary.json
      - group: test_exits
        function: benchmark-tests-exit
        id: fail_with_1
        expected:
          files:
            - callgrind.benchmark-tests-exit.fail_with_1.log
            - callgrind.benchmark-tests-exit.fail_with_1.log.old
            - callgrind.benchmark-tests-exit.fail_with_1.out
            - callgrind.benchmark-tests-exit.fail_with_1.out.old
            - summary.json
      - group: test_exits
        function: benchmark-tests-exit
        id: fail_with_2
        expected:
          files:
            - callgrind.benchmark-tests-exit.fail_with_2.log
            - callgrind.benchmark-tests-exit.fail_with_2.log.old
            - callgrind.benchmark-tests-exit.fail_with_2.out
            - callgrind.benchmark-tests-exit.fail_with_2.out.old
            - summary.json
      - group: test_exits
        function: benchmark-tests-exit
        id: fail_with_255
        expected:
          files:
            - callgrind.benchmark-tests-exit.fail_with_255.log
            - callgrind.benchmark-tests-exit.fail_with_255.log.old
            - callgrind.benchmark-tests-exit.fail_with_255.out
            - callgrind.benchmark-tests-exit.fail_with_255.out.old
            - summary.json
      - group: test_exits
        function: benchmark-tests-exit
        id: fail_with_3
        expected:
          files:
            - callgrind.benchmark-tests-exit.fail_with_3.log
            - callgrind.benchmark-tests-exit.fail_with_3.log.old
            - callgrind.benchmark-tests-exit.fail_with_3.out
            - callgrind.benchmark-tests-exit.fail_with_3.out.old
            - summary.json
      - group: test_exits
        function: benchmark-tests-exit
        id: succeed
        expected:
          files:
            - callgrind.benchmark-tests-exit.succeed.log
            - callgrind.benchmark-tests-exit.succeed.log.old
            - callgrind.benchmark-tests-exit.succeed.out
            - callgrind.benchmark-tests-exit.succeed.out.old
            - summary.json
