{
  "runs": [
    {
      "data": [
        {
          "group": "group_test_benchmark_id",
          "function": "benchmark-tests-printenv",
          "id": "printenv_0",
          "expected": {
            "files": [
              "callgrind.benchmark-tests-printenv.printenv_0.log",
              "callgrind.benchmark-tests-printenv.printenv_0.out",
              "dhat.benchmark-tests-printenv.printenv_0.log",
              "dhat.benchmark-tests-printenv.printenv_0.out",
              "summary.json"
            ]
          }
        },
        {
          "group": "group_test_benchmark_id",
          "function": "benchmark-tests-printenv",
          "id": "printenv_1",
          "expected": {
            "files": [
              "callgrind.benchmark-tests-printenv.printenv_1.log",
              "callgrind.benchmark-tests-printenv.printenv_1.out",
              "dhat.benchmark-tests-printenv.printenv_1.log",
              "dhat.benchmark-tests-printenv.printenv_1.out",
              "summary.json"
            ]
          }
        },
        {
          "group": "group_test_env",
          "function": "benchmark-tests-printenv",
          "id": "does not exist",
          "expected": {
            "files": [
              "callgrind.benchmark-tests-printenv.does not exist.log",
              "callgrind.benchmark-tests-printenv.does not exist.out",
              "dhat.benchmark-tests-printenv.does not exist.log",
              "dhat.benchmark-tests-printenv.does not exist.out",
              "summary.json"
            ]
          }
        },
        {
          "group": "group_test_env",
          "function": "benchmark-tests-printenv",
          "id": "foo=bar",
          "expected": {
            "files": [
              "callgrind.benchmark-tests-printenv.foo=bar.log",
              "callgrind.benchmark-tests-printenv.foo=bar.out",
              "dhat.benchmark-tests-printenv.foo=bar.log",
              "dhat.benchmark-tests-printenv.foo=bar.out",
              "summary.json"
            ]
          }
        },
        {
          "group": "group_test_env",
          "function": "benchmark-tests-printenv",
          "id": "home",
          "expected": {
            "files": [
              "callgrind.benchmark-tests-printenv.home.log",
              "callgrind.benchmark-tests-printenv.home.out",
              "dhat.benchmark-tests-printenv.home.log",
              "dhat.benchmark-tests-printenv.home.out",
              "summary.json"
            ]
          }
        },
        {
          "group": "group_test_env",
          "function": "benchmark-tests-printenv",
          "id": "home does not exist",
          "expected": {
            "files": [
              "callgrind.benchmark-tests-printenv.home does not exist.log",
              "callgrind.benchmark-tests-printenv.home does not exist.out",
              "dhat.benchmark-tests-printenv.home does not exist.log",
              "dhat.benchmark-tests-printenv.home does not exist.out",
              "summary.json"
            ]
          }
        },
        {
          "group": "group_test_env",
          "function": "benchmark-tests-printenv",
          "id": "pwd",
          "expected": {
            "files": [
              "callgrind.benchmark-tests-printenv.pwd.log",
              "callgrind.benchmark-tests-printenv.pwd.out",
              "dhat.benchmark-tests-printenv.pwd.log",
              "dhat.benchmark-tests-printenv.pwd.out",
              "summary.json"
            ]
          }
        },
        {
          "group": "group_with_cmd",
          "function": "benchmark-tests-echo",
          "id": "foo bar",
          "expected": {
            "files": [
              "callgrind.benchmark-tests-echo.foo bar.log",
              "callgrind.benchmark-tests-echo.foo bar.out",
              "dhat.benchmark-tests-echo.foo bar.log",
              "dhat.benchmark-tests-echo.foo bar.out",
              "summary.json"
            ]
          }
        },
        {
          "group": "group_with_cmd",
          "function": "benchmark-tests-echo",
          "id": "foo bar@current",
          "expected": {
            "files": [
              "callgrind.benchmark-tests-echo.foo bar@current.log",
              "callgrind.benchmark-tests-echo.foo bar@current.out",
              "dhat.benchmark-tests-echo.foo bar@current.log",
              "dhat.benchmark-tests-echo.foo bar@current.out",
              "summary.json"
            ]
          }
        },
        {
          "group": "group_with_cmd",
          "function": "benchmark-tests-echo",
          "id": "foo bar@entry",
          "expected": {
            "files": [
              "callgrind.benchmark-tests-echo.foo bar@entry.log",
              "callgrind.benchmark-tests-echo.foo bar@entry.out",
              "dhat.benchmark-tests-echo.foo bar@entry.log",
              "dhat.benchmark-tests-echo.foo bar@entry.out",
              "summary.json"
            ]
          }
        },
        {
          "group": "group_with_cmd",
          "function": "benchmark-tests-echo",
          "id": "foo.foo bar",
          "expected": {
            "files": [
              "callgrind.benchmark-tests-echo.foo.foo bar.log",
              "callgrind.benchmark-tests-echo.foo.foo bar.out",
              "dhat.benchmark-tests-echo.foo.foo bar.log",
              "dhat.benchmark-tests-echo.foo.foo bar.out",
              "summary.json"
            ]
          }
        },
        {
          "group": "group_with_cmd",
          "function": "benchmark-tests-echo",
          "id": "foo.foo bar@current",
          "expected": {
            "files": [
              "callgrind.benchmark-tests-echo.foo.foo bar@current.log",
              "callgrind.benchmark-tests-echo.foo.foo bar@current.out",
              "dhat.benchmark-tests-echo.foo.foo bar@current.log",
              "dhat.benchmark-tests-echo.foo.foo bar@current.out",
              "summary.json"
            ]
          }
        },
        {
          "group": "group_with_cmd",
          "function": "benchmark-tests-echo",
          "id": "foo.foo bar@entry",
          "expected": {
            "files": [
              "callgrind.benchmark-tests-echo.foo.foo bar@entry.log",
              "callgrind.benchmark-tests-echo.foo.foo bar@entry.out",
              "dhat.benchmark-tests-echo.foo.foo bar@entry.log",
              "dhat.benchmark-tests-echo.foo.foo bar@entry.out",
              "summary.json"
            ]
          }
        },
        {
          "group": "group_with_cmd",
          "function": "{target_dir_sanitized}_release_benchmark-tests-echo",
          "id": "foo",
          "expected": {
            "files": ["summary.json"],
            "globs": [
              {
                "pattern": "callgrind.*_target_release_benchmark-tests-echo.foo.log",
                "count": 1
              },
              {
                "pattern": "callgrind.*_target_release_benchmark-tests-echo.foo.out",
                "count": 1
              },
              {
                "pattern": "dhat.*_target_release_benchmark-tests-echo.foo.log",
                "count": 1
              },
              {
                "pattern": "dhat.*_target_release_benchmark-tests-echo.foo.out",
                "count": 1
              }
            ]
          }
        },
        {
          "group": "group_with_cmd",
          "function": "run_after",
          "id": "after",
          "expected": {
            "files": [
              "callgrind.run_after.after.log",
              "callgrind.run_after.after.out",
              "dhat.run_after.after.log",
              "dhat.run_after.after.out",
              "summary.json"
            ]
          }
        },
        {
          "group": "group_with_cmd",
          "function": "run_before",
          "id": "before",
          "expected": {
            "files": [
              "callgrind.run_before.before.log",
              "callgrind.run_before.before.out",
              "dhat.run_before.before.log",
              "dhat.run_before.before.out",
              "summary.json"
            ]
          }
        },
        {
          "group": "group_without_cmd",
          "function": "{target_dir_sanitized}_release_benchmark-tests-echo",
          "id": "foo",
          "expected": {
            "files": ["summary.json"],
            "globs": [
              {
                "pattern": "callgrind.*_target_release_benchmark-tests-echo.foo.log",
                "count": 1
              },
              {
                "pattern": "callgrind.*_target_release_benchmark-tests-echo.foo.out",
                "count": 1
              },
              {
                "pattern": "dhat.*_target_release_benchmark-tests-echo.foo.log",
                "count": 1
              },
              {
                "pattern": "dhat.*_target_release_benchmark-tests-echo.foo.out",
                "count": 1
              }
            ]
          }
        },
        {
          "group": "group_without_cmd",
          "function": "run_setup",
          "id": "setup",
          "expected": {
            "files": [
              "callgrind.run_setup.setup.log",
              "callgrind.run_setup.setup.out",
              "dhat.run_setup.setup.log",
              "dhat.run_setup.setup.out",
              "summary.json"
            ]
          }
        },
        {
          "group": "group_without_cmd",
          "function": "run_teardown",
          "id": "teardown",
          "expected": {
            "files": [
              "callgrind.run_teardown.teardown.log",
              "callgrind.run_teardown.teardown.out",
              "dhat.run_teardown.teardown.log",
              "dhat.run_teardown.teardown.out",
              "summary.json"
            ]
          }
        }
      ]
    }
  ]
}
